0|ExpansionTraderBoris.TraderMarcheNoir|2449.96 190.221 5307.73|-76.2514 0 0|FlatCap_Black,TrackSuitPants_Black,TrackSuitJacket_Black,Balaclava3Holes_Black,DressShoes_Black,DesignerGlasses
1|ExpansionTraderBoris.TraderMarcheNoir|2808.99 204.675 5210.71|45.2524 0 0|FlatCap_Black,TrackSuitPants_Black,TrackSuitJacket_Black,Balaclava3Holes_Black,DressShoes_Black,DesignerGlasses
2|ExpansionTraderBoris.TraderMarcheNoir|2820.16 206.835 5368.79|-34.5054 -0 0|FlatCap_Black,TrackSuitPants_Black,TrackSuitJacket_Black,Balaclava3Holes_Black,DressShoes_Black,DesignerGlasses
3|ExpansionTraderBoris.TraderMarcheNoir|2665.09 207.285 5482.15|89.7465 0 -0|FlatCap_Black,TrackSuitPants_Black,TrackSuitJacket_Black,Balaclava3Holes_Black,DressShoes_Black,DesignerGlasses
4|ExpansionTraderBoris.TraderMarcheNoir|2651.4 203.924 5303.28|-57.0941 -0 0|FlatCap_Black,TrackSuitPants_Black,TrackSuitJacket_Black,Balaclava3Holes_Black,DressShoes_Black,DesignerGlasses
5|ExpansionTraderBoris.TraderMarcheNoir|2625.63 195.913 5136.64|-111.751 0 0|FlatCap_Black,TrackSuitPants_Black,TrackSuitJacket_Black,Balaclava3Holes_Black,DressShoes_Black,DesignerGlasses