5|ExpansionTraderBoris.TraderMarcheNoir|2449.96 190.221 5307.73|-76.2514 0 0|FlatCap_Black,TrackSuitPants_Black,TrackSuitJacket_Black,Balaclava3Holes_Black,DressShoes_Black,DesignerGlasses
4|ExpansionTraderBoris.TraderMarcheNoir|2808.99 204.675 5210.71|45.2524 0 0|FlatCap_Black,TrackSuitPants_Black,TrackSuitJacket_Black,Balaclava3Holes_Black,DressShoes_Black,DesignerGlasses
3|ExpansionTraderBoris.TraderMarcheNoir|2820.16 206.835 5368.79|-34.5054 -0 0|FlatCap_Black,TrackSuitPants_Black,TrackSuitJacket_Black,Balaclava3Holes_Black,DressShoes_Black,DesignerGlasses
2|ExpansionTraderBoris.TraderMarcheNoir|2665.09 207.285 5482.15|89.7465 0 -0|FlatCap_Black,TrackSuitPants_Black,TrackSuitJacket_Black,Balaclava3Holes_Black,DressShoes_Black,DesignerGlasses
1|ExpansionTraderBoris.TraderMarcheNoir|2651.4 203.924 5303.28|-57.0941 -0 0|FlatCap_Black,TrackSuitPants_Black,TrackSuitJacket_Black,Balaclava3Holes_Black,DressShoes_Black,DesignerGlasses
0|ExpansionTraderBoris.TraderMarcheNoir|2625.63 195.913 5136.64|-111.751 0 0|FlatCap_Black,TrackSuitPants_Black,TrackSuitJacket_Black,Balaclava3Holes_Black,DressShoes_Black,DesignerGlasses
0|ExpansionTraderBoris.TraderMarcheNoir|10356.6 5.9112 1880.74|-88.9617 -0 0|FlatCap_Black,TrackSuitPants_Black,TrackSuitJacket_Black,Balaclava3Holes_Black,DressShoes_Black,DesignerGlasses
0|ExpansionTraderBoris.TraderMarcheNoir|10846 3.77246 2330.15|86.9112 0 -0|FlatCap_Black,TrackSuitPants_Black,TrackSuitJacket_Black,Balaclava3Holes_Black,DressShoes_Black,DesignerGlasses
0|ExpansionTraderBoris.TraderMarcheNoir|10400.8 9.53547 2078.96|-173.184 0 -0|FlatCap_Black,TrackSuitPants_Black,TrackSuitJacket_Black,Balaclava3Holes_Black,DressShoes_Black,DesignerGlasses
0|ExpansionTraderBoris.TraderMarcheNoir|10207.3 25.4418 2299.89|149.292 0 -0|FlatCap_Black,TrackSuitPants_Black,TrackSuitJacket_Black,Balaclava3Holes_Black,DressShoes_Black,DesignerGlasses
0|ExpansionTraderBoris.TraderMarcheNoir|10253.6 22.4559 2517.99|-141.969 0 -0|FlatCap_Black,TrackSuitPants_Black,TrackSuitJacket_Black,Balaclava3Holes_Black,DressShoes_Black,DesignerGlasses
0|ExpansionTraderBoris.TraderMarcheNoir|10576.8 34.0882 2501|67.5321 0 -0|FlatCap_Black,TrackSuitPants_Black,TrackSuitJacket_Black,Balaclava3Holes_Black,DressShoes_Black,DesignerGlasses