11|ExpansionTraderEva.TraderIllegal|6470.28 9.6602 2653.09|111 0 0|BaseballCap_CMMG_Black,WoolGloves_Green,TortillaBag,HikingJacket_Green,CargoPants_Black,MilitaryBoots_Redpunk,FaceCover_Improvised,SmershVest
10|ExpansionTraderEva.TraderIllegal|6431.56 10.1619 2686.73|40 0 0|BaseballCap_CMMG_Black,WoolGloves_Green,TortillaBag,HikingJacket_Green,CargoPants_Black,MilitaryBoots_Redpunk,FaceCover_Improvised,SmershVest
9|ExpansionTraderEva.TraderIllegal|6616.5 14.67 2304.6|8 0 0|BaseballCap_CMMG_Black,WoolGloves_Green,TortillaBag,HikingJacket_Green,CargoPants_Black,MilitaryBoots_Redpunk,FaceCover_Improvised,SmershVest
8|ExpansionTraderEva.TraderIllegal|6483.9 14.16 2438|43 0 0|BaseballCap_CMMG_Black,WoolGloves_Green,TortillaBag,HikingJacket_Green,CargoPants_Black,MilitaryBoots_Redpunk,FaceCover_Improvised,SmershVest
7|ExpansionTraderEva.TraderIllegal|6590.1 13.74 2572|-150 0 0|BaseballCap_CMMG_Black,WoolGloves_Green,TortillaBag,HikingJacket_Green,CargoPants_Black,MilitaryBoots_Redpunk,FaceCover_Improvised,SmershVest
6|ExpansionTraderEva.TraderIllegal|6555.81 7.01451 2348.89|-25 0 0|BaseballCap_CMMG_Black,WoolGloves_Green,TortillaBag,HikingJacket_Green,CargoPants_Black,MilitaryBoots_Redpunk,FaceCover_Improvised,SmershVest
5|ExpansionTraderOliver.TraderIllegal|6470.28 9.6602 2653.09|111 0 0|ManSuit_Blue,SlacksPants_Blue,Balaclava3Holes_Black,AviatorGlasses,DressShoes_Black
4|ExpansionTraderOliver.TraderIllegal|6431.56 10.1619 2686.73|40 0 0|ManSuit_Blue,SlacksPants_Blue,Balaclava3Holes_Black,AviatorGlasses,DressShoes_Black
3|ExpansionTraderOliver.TraderIllegal|6616.5 14.67 2304.6|8 0 0|ManSuit_Blue,SlacksPants_Blue,Balaclava3Holes_Black,AviatorGlasses,DressShoes_Black
2|ExpansionTraderOliver.TraderIllegal|6483.9 14.16 2438|43 0 0|ManSuit_Blue,SlacksPants_Blue,Balaclava3Holes_Black,AviatorGlasses,DressShoes_Black
1|ExpansionTraderOliver.TraderIllegal|6590.1 13.74 2572|-150 0 0|ManSuit_Blue,SlacksPants_Blue,Balaclava3Holes_Black,AviatorGlasses,DressShoes_Black
0|ExpansionTraderOliver.TraderIllegal|6555.81 7.01451 2348.89|-25 0 0|ManSuit_Blue,SlacksPants_Blue,Balaclava3Holes_Black,AviatorGlasses,DressShoes_Black