11|ExpansionTraderEva.TraderIllegal|6470.28 9.6602 2653.09|111 0 0|FOG_Vest_TacTec_Black,MilitaryBoots_Black,FOG_Tactical_Fleece_Black,FOG_Ronin_Hat_Black,Skinny_Jeans_Black,FOG_Tactical_Fingerless_Gloves_Black,FOG_Belt_RTGFB_Black,Shemagh_Facemask_Black,AviatorGlasses,FOG_Bag_DrawBridge_Black
10|ExpansionTraderEva.TraderIllegal|6431.56 10.1619 2686.73|40 0 0|FOG_Vest_TacTec_Black,MilitaryBoots_Black,FOG_Tactical_Fleece_Black,FOG_Ronin_Hat_Black,Skinny_Jeans_Black,FOG_Tactical_Fingerless_Gloves_Black,FOG_Belt_RTGFB_Black,Shemagh_Facemask_Black,AviatorGlasses,FOG_Bag_DrawBridge_Black
9|ExpansionTraderEva.TraderIllegal|6616.5 14.67 2304.6|8 0 0|FOG_Vest_TacTec_Black,MilitaryBoots_Black,FOG_Tactical_Fleece_Black,FOG_Ronin_Hat_Black,Skinny_Jeans_Black,FOG_Tactical_Fingerless_Gloves_Black,FOG_Belt_RTGFB_Black,Shemagh_Facemask_Black,AviatorGlasses,FOG_Bag_DrawBridge_Black
8|ExpansionTraderEva.TraderIllegal|6483.9 14.16 2438|43 0 0|FOG_Vest_TacTec_Black,MilitaryBoots_Black,FOG_Tactical_Fleece_Black,FOG_Ronin_Hat_Black,Skinny_Jeans_Black,FOG_Tactical_Fingerless_Gloves_Black,FOG_Belt_RTGFB_Black,Shemagh_Facemask_Black,AviatorGlasses,FOG_Bag_DrawBridge_Black
7|ExpansionTraderEva.TraderIllegal|6590.1 13.74 2572|-150 0 0|FOG_Vest_TacTec_Black,MilitaryBoots_Black,FOG_Tactical_Fleece_Black,FOG_Ronin_Hat_Black,Skinny_Jeans_Black,FOG_Tactical_Fingerless_Gloves_Black,FOG_Belt_RTGFB_Black,Shemagh_Facemask_Black,AviatorGlasses,FOG_Bag_DrawBridge_Black
6|ExpansionTraderEva.TraderIllegal|6555.81 7.01451 2348.89|-25 0 0|FOG_Vest_TacTec_Black,MilitaryBoots_Black,FOG_Tactical_Fleece_Black,FOG_Ronin_Hat_Black,Skinny_Jeans_Black,FOG_Tactical_Fingerless_Gloves_Black,FOG_Belt_RTGFB_Black,Shemagh_Facemask_Black,AviatorGlasses,FOG_Bag_DrawBridge_Black
5|ExpansionTraderOliver.TraderIllegal|6470.28 9.6602 2653.09|111 0 0|MilitaryBoots_Brown,FOGR_Royal_Bandana_Green,TF_LVMBAVVest_KH,DesignerGlasses,OMNOGloves_Brown,FOG_Belt_RTGFB_RG,FOG_Gorka_Pants_Khaki,FOGR_ISOF_Jacket_Flannel_Warlord,Balaclava3Holes_Black,FOG_Bag_F4Terminator_RG
4|ExpansionTraderOliver.TraderIllegal|6431.56 10.1619 2686.73|40 0 0|MilitaryBoots_Brown,FOGR_Royal_Bandana_Green,TF_LVMBAVVest_KH,DesignerGlasses,OMNOGloves_Brown,FOG_Belt_RTGFB_RG,FOG_Gorka_Pants_Khaki,FOGR_ISOF_Jacket_Flannel_Warlord,Balaclava3Holes_Black,FOG_Bag_F4Terminator_RG
3|ExpansionTraderOliver.TraderIllegal|6616.5 14.67 2304.6|8 0 0|MilitaryBoots_Brown,FOGR_Royal_Bandana_Green,TF_LVMBAVVest_KH,DesignerGlasses,OMNOGloves_Brown,FOG_Belt_RTGFB_RG,FOG_Gorka_Pants_Khaki,FOGR_ISOF_Jacket_Flannel_Warlord,Balaclava3Holes_Black,FOG_Bag_F4Terminator_RG
2|ExpansionTraderOliver.TraderIllegal|6483.9 14.16 2438|43 0 0|MilitaryBoots_Brown,FOGR_Royal_Bandana_Green,TF_LVMBAVVest_KH,DesignerGlasses,OMNOGloves_Brown,FOG_Belt_RTGFB_RG,FOG_Gorka_Pants_Khaki,FOGR_ISOF_Jacket_Flannel_Warlord,Balaclava3Holes_Black,FOG_Bag_F4Terminator_RG
1|ExpansionTraderOliver.TraderIllegal|6590.1 13.74 2572|-150 0 0|MilitaryBoots_Brown,FOGR_Royal_Bandana_Green,TF_LVMBAVVest_KH,DesignerGlasses,OMNOGloves_Brown,FOG_Belt_RTGFB_RG,FOG_Gorka_Pants_Khaki,FOGR_ISOF_Jacket_Flannel_Warlord,Balaclava3Holes_Black,FOG_Bag_F4Terminator_RG
0|ExpansionTraderOliver.TraderIllegal|6555.81 7.01451 2348.89|-25 0 0|MilitaryBoots_Brown,FOGR_Royal_Bandana_Green,TF_LVMBAVVest_KH,DesignerGlasses,OMNOGloves_Brown,FOG_Belt_RTGFB_RG,FOG_Gorka_Pants_Khaki,FOGR_ISOF_Jacket_Flannel_Warlord,Balaclava3Holes_Black,FOG_Bag_F4Terminator_RG