ExpansionTraderLinda.IntendantChDKZ|10453.451172 13.287232 2393.180176|57.0397 0 0|MilitaryBeret_ChDKZ,FOGR_ISOF_Jacket_Flannel_Warlord,WoolGlovesFingerless_Black,MilitaryBoots_Black,FOG_MTF_Pants_TS
ExpansionTraderFrida.TraderMedic|10287.2 12.8486 2285.04|70.2281 0 -0|LabCoat,ParamedicPants_Blue,SurgicalGloves_Blue,AthleticShoes_Black
ExpansionTraderBoris.ChDKZ_Vehicles|10408 6.01713 2445.65|-41.3745 0 0|WorkingGloves_Yellow,Balaclava3Holes_Black,Wrench,ReflexVest,JumpsuitJacket_Blue,WeldingMask,Armband_Chedaki,MilitaryBoots_Black,FOGR_UFP_Reed_URBN_Kneepad
ExpansionTraderBoris.TraderChassePeche|10475.4 6.30601 2338.8|-124.455 -0 0.000000|HikingBoots_Black,FOGR_ISOF_Jacket_Flannel_Denim,BeanieHat_Black,HunterPants_Autumn
ExpansionTraderTaiki.TraderFood|10508.6 6.16205 2348.22|130.302 -0 0.000000|TrackSuitJacket_Black,TrackSuitPants_Black,SportGlasses_Orange
ExpansionTraderMirek.FuelStation_Small|9519.61 5.67424 2005.32|-100.07, 0, -0|QuiltedJacket_Violet,Breeches_Beetcheck,SurgicalGloves_White,ThinFramesGlasses,BaseballCap_Pink,JoggingShoes_Violet
ExpansionTraderMirek.Civ_CarParts|10413.7 6.34205 2436.65|-36.6457 -0 0|WorkingBoots_Brown,BaseballCap_Beige,ReflexVest,QuiltedJacket_Grey,CargoPants_Grey