ExpansionTraderBoris.Civ_Car|2486.84 190.275 5294.44|12.8729 0 -0Si|WorkingBoots_Brown,BaseballCap_Beige,ReflexVest,QuiltedJacket_Grey,CargoPants_Grey
ExpansionTraderMirek.Civ_CarParts|2480.81 190.248 5302.5|98.6383 0 -0|LugWrench,ThickFramesGlasses,WorkingGloves_Yellow,WorkingBoots_Grey,JumpsuitJacket_Blue,JumpsuitPants_Blue
ExpansionTraderMirek.FuelStation_Small|2702.709717 211.137665 5600.717285|-98.022423 0.000000 0.000000|QuiltedJacket_Violet,Breeches_Beetcheck,SurgicalGloves_White,ThinFramesGlasses,BaseballCap_Pink,JoggingShoes_Violet
ExpansionTraderTaiki.TraderFood|2731.639893 204.550003 5293.089844|-168.329987 0.000000 0.000000|TrackSuitJacket_Black,TrackSuitPants_Black,SportGlasses_Orange
ExpansionTraderHassan.TraderAgriculteur|2592.73 199.878 5353.05|95.211 0 -0|FlatCap_Brown,Sweater_Green,Breeches_Beige,Wellies_Green
ExpansionTraderIrena.TraderTenue|2675.810059 205.649002 5284.879883|102.101982 0.000000 0.000000|Blouse_White,Jeans_Blue,Sneakers_White
ExpansionTraderRolf.TraderChasse|2674.810059 205.654007 5285.020020|-70.575989 0.000000 0.000000|CombatBoots_Brown,Shirt_GreenCheck,HunterPants_Brown,ExpansionCowboyHatGator,EyePatch_Improvised,WorkingGloves_Beige
ExpansionTraderLewis.TraderTools|2895.020020 206.632004 5243.330078|16.132797 0.000000 0.000000|JumpsuitJacket_Gray,WorkingGloves_Beige,JumpsuitPants_Grey,WorkingBoots_Yellow,ReflexVest,ConstructionHelmet_Orange,NioshFaceMask
ExpansionTraderBoris.TraderPolice|2733.000000 210.729996 5368.529785|160.037994 0.000000 0.000000|PrisonerCap,PrisonUniformJacket,PrisonUniformPants,HandsCover_Improvised,FeetCover_Improvised,MouthRag
ExpansionTraderLinda.TraderMedic|2759.84 202.365 5181.49|-67.514900 0.000000 0.000000|LabCoat,ParamedicPants_Blue,SurgicalGloves_Blue,AthleticShoes_Black,SurgicalMask
ExpansionTraderBoris.TraderChassePeche|2721.99 204.755 5295|-166.556 -0 0.000000|HikingBoots_Black,FOGR_ISOF_Jacket_Flannel_Denim,BeanieHat_Black,HunterPants_Autumn
ExpansionTraderRolf.IntendantMedical|2775.87 202.365 5193.63|-71.7779 -0 0|MedicalScrubsHat_Blue,MedicalScrubsPants_Blue,SurgicalGloves_LightBlue,SurgicalMask_Blood,LabCoat,DressShoes_White,Hacksaw
ExpansionTraderBoris.TraderMeubles|2672.41 205.699 5289.12|100.249 0 -0|ExpansionBanknoteHryvnia,ThinFramesGlasses,WorkingBoots_Brown,Layered_Shirt_Courage,Jeans_Acidwash
ExpansionTraderBoris.Civ_Recyclage|2979.070000 370.426000 6728.700000|90.000000 0.000000 0.000000|JumpsuitJacket_Blue,WorkingGloves_Brown,JumpsuitPants_Blue,WorkingBoots_Yellow,ReflexVest,ConstructionHelmet_Lime
CW95_TraderMachineACoudre.Natasha_Entreprise|2692.09 211.406 5342.38|6.32738 0 0|
CW95_TraderMirrorStand.Natasha_Mirroir|2698.76 207.545 5355.42|-150 0 0|